                                                                      The SAS System                                       09:51 Sunday, April 28, 2013   1

                                                                 The UNIVARIATE Procedure
                                                                   Variable:  intensity

                                                                          Moments

                                              N                      100800    Sum Weights             100800
                                              Mean               0.20094244    Sum Observations    20254.9982
                                              Std Deviation       0.2240323    Variance            0.05019047
                                              Skewness           1.56021562    Kurtosis            3.12470204
                                              Uncorrected SS     9129.23801    Corrected SS         5059.1492
                                              Coeff Variation     111.49078    Std Error Mean      0.00070564


                                                                Basic Statistical Measures

                                                      Location                    Variability

                                                  Mean     0.200942     Std Deviation            0.22403
                                                  Median   0.211765     Variance                 0.05019
                                                  Mode     0.007843     Range                    1.00000
                                                                        Interquartile Range      0.30196


                                                                Tests for Location: Mu0=0

                                                     Test           -Statistic-    -----p Value------

                                                     Student's t    t  284.7681    Pr > |t|    <.0001
                                                     Sign           M     45154    Pr >= |M|   <.0001
                                                     Signed Rank    S  2.0389E9    Pr >= |S|   <.0001


                                                                  Quantiles (Definition 5)

                                                                  Quantile       Estimate

                                                                  100% Max       1.000000
                                                                  99%            1.000000
                                                                  95%            0.639216
                                                                  90%            0.364706
                                                                  75% Q3         0.309804
                                                                  50% Median     0.211765
                                                                  25% Q1         0.007843
                                                                  10%            0.000000
                                                                  5%             0.000000
                                                                  1%             0.000000
                                                                  0% Min         0.000000


                                                                   Extreme Observations

                                                           ----Lowest----        ----Highest---

                                                           Value      Obs        Value      Obs

                                                               0   100126            1   100793
                                                               0   100123            1   100795
                                                               0   100122            1   100798
                                                               0   100121            1   100799
                                                               0   100120            1   100800
                                                                      The SAS System                                       09:51 Sunday, April 28, 2013   2

                                                                    The FREQ Procedure

                                                                                    Cumulative    Cumulative
                                              intensity    Frequency     Percent     Frequency      Percent
                                              ƒƒƒƒƒƒƒƒƒƒƒƒƒƒƒƒƒƒƒƒƒƒƒƒƒƒƒƒƒƒƒƒƒƒƒƒƒƒƒƒƒƒƒƒƒƒƒƒƒƒƒƒƒƒƒƒƒƒƒƒƒƒ
                                                      0       10492       10.41         10492        10.41
                                               0.003922        9303        9.23         19795        19.64
                                               0.007843       15876       15.75         35671        35.39
                                               0.011765        2985        2.96         38656        38.35
                                               0.015686         856        0.85         39512        39.20
                                               0.019608         465        0.46         39977        39.66
                                               0.023529         370        0.37         40347        40.03
                                               0.027451         296        0.29         40643        40.32
                                               0.031373         235        0.23         40878        40.55
                                               0.035294         267        0.26         41145        40.82
                                               0.039216         641        0.64         41786        41.45
                                               0.043137         625        0.62         42411        42.07
                                               0.047059         428        0.42         42839        42.50
                                                0.05098         494        0.49         43333        42.99
                                               0.054902         199        0.20         43532        43.19
                                               0.058824         201        0.20         43733        43.39
                                               0.062745         201        0.20         43934        43.59
                                               0.066667         134        0.13         44068        43.72
                                               0.070588         182        0.18         44250        43.90
                                                0.07451         207        0.21         44457        44.10
                                               0.078431         202        0.20         44659        44.30
                                               0.082353         135        0.13         44794        44.44
                                               0.086275         138        0.14         44932        44.58
                                               0.090196         172        0.17         45104        44.75
                                               0.094118         177        0.18         45281        44.92
                                               0.098039         171        0.17         45452        45.09
                                               0.101961         165        0.16         45617        45.25
                                               0.105882         140        0.14         45757        45.39
                                               0.109804         131        0.13         45888        45.52
                                               0.113725         130        0.13         46018        45.65
                                               0.117647         129        0.13         46147        45.78
                                               0.121569         129        0.13         46276        45.91
                                                0.12549         188        0.19         46464        46.10
                                               0.129412         177        0.18         46641        46.27
                                               0.133333         175        0.17         46816        46.44
                                               0.137255         156        0.15         46972        46.60
                                               0.141176         134        0.13         47106        46.73
                                               0.145098         239        0.24         47345        46.97
                                                0.14902         260        0.26         47605        47.23
                                               0.152941         234        0.23         47839        47.46
                                               0.156863         139        0.14         47978        47.60
                                               0.160784         121        0.12         48099        47.72
                                               0.164706         162        0.16         48261        47.88
                                               0.168627         180        0.18         48441        48.06
                                               0.172549         185        0.18         48626        48.24
                                               0.176471         179        0.18         48805        48.42
                                               0.180392         211        0.21         49016        48.63
                                               0.184314         201        0.20         49217        48.83
                                               0.188235         211        0.21         49428        49.04
                                               0.192157         199        0.20         49627        49.23
                                               0.196078         174        0.17         49801        49.41
                                                    0.2         200        0.20         50001        49.60
                                               0.203922         115        0.11         50116        49.72
                                               0.207843         210        0.21         50326        49.93
                                               0.211765         242        0.24         50568        50.17
                                               0.215686         277        0.27         50845        50.44
                                               0.219608         263        0.26         51108        50.70
                                               0.223529         314        0.31         51422        51.01
                                                                      The SAS System                                       09:51 Sunday, April 28, 2013   3

                                                                    The FREQ Procedure

                                                                                    Cumulative    Cumulative
                                              intensity    Frequency     Percent     Frequency      Percent
                                              ƒƒƒƒƒƒƒƒƒƒƒƒƒƒƒƒƒƒƒƒƒƒƒƒƒƒƒƒƒƒƒƒƒƒƒƒƒƒƒƒƒƒƒƒƒƒƒƒƒƒƒƒƒƒƒƒƒƒƒƒƒƒ
                                               0.227451         331        0.33         51753        51.34
                                               0.231373         336        0.33         52089        51.68
                                               0.235294         350        0.35         52439        52.02
                                               0.239216         436        0.43         52875        52.46
                                               0.243137         423        0.42         53298        52.87
                                               0.247059         353        0.35         53651        53.23
                                                0.25098         567        0.56         54218        53.79
                                               0.254902         698        0.69         54916        54.48
                                               0.258824         868        0.86         55784        55.34
                                               0.262745         953        0.95         56737        56.29
                                               0.266667         897        0.89         57634        57.18
                                               0.270588         752        0.75         58386        57.92
                                                0.27451        1100        1.09         59486        59.01
                                               0.278431        1391        1.38         60877        60.39
                                               0.282353        1692        1.68         62569        62.07
                                               0.286275        1708        1.69         64277        63.77
                                               0.290196        1684        1.67         65961        65.44
                                               0.294118        1213        1.20         67174        66.64
                                               0.298039        2003        1.99         69177        68.63
                                               0.301961        2395        2.38         71572        71.00
                                               0.305882        2411        2.39         73983        73.40
                                               0.309804        2113        2.10         76096        75.49
                                               0.313725        1799        1.78         77895        77.28
                                               0.317647        1176        1.17         79071        78.44
                                               0.321569        1672        1.66         80743        80.10
                                                0.32549        1853        1.84         82596        81.94
                                               0.329412        1879        1.86         84475        83.80
                                               0.333333        1519        1.51         85994        85.31
                                               0.337255        1135        1.13         87129        86.44
                                               0.341176         666        0.66         87795        87.10
                                               0.345098         979        0.97         88774        88.07
                                                0.34902         746        0.74         89520        88.81
                                               0.352941         563        0.56         90083        89.37
                                               0.356863         320        0.32         90403        89.69
                                               0.360784         204        0.20         90607        89.89
                                               0.364706         162        0.16         90769        90.05
                                               0.368627         204        0.20         90973        90.25
                                               0.372549         208        0.21         91181        90.46
                                               0.376471         169        0.17         91350        90.63
                                               0.380392         169        0.17         91519        90.79
                                               0.384314         143        0.14         91662        90.93
                                               0.388235          98        0.10         91760        91.03
                                               0.392157         127        0.13         91887        91.16
                                               0.396078         130        0.13         92017        91.29
                                                    0.4         139        0.14         92156        91.42
                                               0.403922         127        0.13         92283        91.55
                                               0.407843          86        0.09         92369        91.64
                                               0.411765          70        0.07         92439        91.71
                                               0.415686          85        0.08         92524        91.79
                                               0.419608         100        0.10         92624        91.89
                                               0.423529          96        0.10         92720        91.98
                                               0.427451          97        0.10         92817        92.08
                                               0.431373          59        0.06         92876        92.14
                                               0.435294          82        0.08         92958        92.22
                                               0.439216          94        0.09         93052        92.31
                                               0.443137          99        0.10         93151        92.41
                                               0.447059          99        0.10         93250        92.51
                                                0.45098          68        0.07         93318        92.58
                                                                      The SAS System                                       09:51 Sunday, April 28, 2013   4

                                                                    The FREQ Procedure

                                                                                    Cumulative    Cumulative
                                              intensity    Frequency     Percent     Frequency      Percent
                                              ƒƒƒƒƒƒƒƒƒƒƒƒƒƒƒƒƒƒƒƒƒƒƒƒƒƒƒƒƒƒƒƒƒƒƒƒƒƒƒƒƒƒƒƒƒƒƒƒƒƒƒƒƒƒƒƒƒƒƒƒƒƒ
                                               0.454902          50        0.05         93368        92.63
                                               0.458824          55        0.05         93423        92.68
                                               0.462745          67        0.07         93490        92.75
                                               0.466667          76        0.08         93566        92.82
                                               0.470588          77        0.08         93643        92.90
                                                0.47451         110        0.11         93753        93.01
                                               0.478431          56        0.06         93809        93.06
                                               0.482353          61        0.06         93870        93.13
                                               0.486275          44        0.04         93914        93.17
                                               0.490196          82        0.08         93996        93.25
                                               0.494118          79        0.08         94075        93.33
                                               0.498039          78        0.08         94153        93.41
                                               0.501961          55        0.05         94208        93.46
                                               0.505882          52        0.05         94260        93.51
                                               0.509804          68        0.07         94328        93.58
                                               0.513725          71        0.07         94399        93.65
                                               0.517647          90        0.09         94489        93.74
                                               0.521569          52        0.05         94541        93.79
                                                0.52549          46        0.05         94587        93.84
                                               0.529412          40        0.04         94627        93.88
                                               0.533333          33        0.03         94660        93.91
                                               0.537255          54        0.05         94714        93.96
                                               0.541176          75        0.07         94789        94.04
                                               0.545098          55        0.05         94844        94.09
                                                0.54902          52        0.05         94896        94.14
                                               0.552941          46        0.05         94942        94.19
                                               0.556863          44        0.04         94986        94.23
                                               0.560784          37        0.04         95023        94.27
                                               0.564706          44        0.04         95067        94.31
                                               0.568627          58        0.06         95125        94.37
                                               0.572549          37        0.04         95162        94.41
                                               0.576471          43        0.04         95205        94.45
                                               0.580392          28        0.03         95233        94.48
                                               0.584314          36        0.04         95269        94.51
                                               0.588235          39        0.04         95308        94.55
                                               0.592157          43        0.04         95351        94.59
                                               0.596078          47        0.05         95398        94.64
                                                    0.6          47        0.05         95445        94.69
                                               0.603922          30        0.03         95475        94.72
                                               0.607843          36        0.04         95511        94.75
                                               0.611765          38        0.04         95549        94.79
                                               0.615686          34        0.03         95583        94.82
                                               0.619608          38        0.04         95621        94.86
                                               0.623529          43        0.04         95664        94.90
                                               0.627451          33        0.03         95697        94.94
                                               0.631373          27        0.03         95724        94.96
                                               0.635294          32        0.03         95756        95.00
                                               0.639216          34        0.03         95790        95.03
                                               0.643137          37        0.04         95827        95.07
                                               0.647059          38        0.04         95865        95.10
                                                0.65098          38        0.04         95903        95.14
                                               0.654902          22        0.02         95925        95.16
                                               0.658824          21        0.02         95946        95.18
                                               0.662745          27        0.03         95973        95.21
                                               0.666667          29        0.03         96002        95.24
                                               0.670588          35        0.03         96037        95.27
                                                0.67451          32        0.03         96069        95.31
                                               0.678431          28        0.03         96097        95.33
                                                                      The SAS System                                       09:51 Sunday, April 28, 2013   5

                                                                    The FREQ Procedure

                                                                                    Cumulative    Cumulative
                                              intensity    Frequency     Percent     Frequency      Percent
                                              ƒƒƒƒƒƒƒƒƒƒƒƒƒƒƒƒƒƒƒƒƒƒƒƒƒƒƒƒƒƒƒƒƒƒƒƒƒƒƒƒƒƒƒƒƒƒƒƒƒƒƒƒƒƒƒƒƒƒƒƒƒƒ
                                               0.682353          29        0.03         96126        95.36
                                               0.686275          12        0.01         96138        95.38
                                               0.690196          25        0.02         96163        95.40
                                               0.694118          23        0.02         96186        95.42
                                               0.698039          28        0.03         96214        95.45
                                               0.701961          44        0.04         96258        95.49
                                               0.705882          28        0.03         96286        95.52
                                               0.709804          26        0.03         96312        95.55
                                               0.713725          24        0.02         96336        95.57
                                               0.717647          22        0.02         96358        95.59
                                               0.721569          23        0.02         96381        95.62
                                                0.72549          26        0.03         96407        95.64
                                               0.729412          36        0.04         96443        95.68
                                               0.733333          40        0.04         96483        95.72
                                               0.737255          39        0.04         96522        95.76
                                               0.741176          20        0.02         96542        95.78
                                               0.745098          20        0.02         96562        95.80
                                                0.74902          25        0.02         96587        95.82
                                               0.752941          17        0.02         96604        95.84
                                               0.756863          28        0.03         96632        95.87
                                               0.760784          29        0.03         96661        95.89
                                               0.764706          28        0.03         96689        95.92
                                               0.768627          29        0.03         96718        95.95
                                               0.772549          23        0.02         96741        95.97
                                               0.776471          34        0.03         96775        96.01
                                               0.780392          23        0.02         96798        96.03
                                               0.784314          23        0.02         96821        96.05
                                               0.788235          34        0.03         96855        96.09
                                               0.792157          32        0.03         96887        96.12
                                               0.796078          24        0.02         96911        96.14
                                                    0.8          30        0.03         96941        96.17
                                               0.803922          37        0.04         96978        96.21
                                               0.807843          34        0.03         97012        96.24
                                               0.811765          15        0.01         97027        96.26
                                               0.815686          14        0.01         97041        96.27
                                               0.819608          22        0.02         97063        96.29
                                               0.823529          37        0.04         97100        96.33
                                               0.827451          39        0.04         97139        96.37
                                               0.831373          45        0.04         97184        96.41
                                               0.835294          24        0.02         97208        96.44
                                               0.839216          26        0.03         97234        96.46
                                               0.843137          19        0.02         97253        96.48
                                               0.847059          20        0.02         97273        96.50
                                                0.85098          25        0.02         97298        96.53
                                               0.854902          29        0.03         97327        96.55
                                               0.858824          31        0.03         97358        96.59
                                               0.862745          33        0.03         97391        96.62
                                               0.866667          22        0.02         97413        96.64
                                               0.870588          11        0.01         97424        96.65
                                                0.87451          28        0.03         97452        96.68
                                               0.878431          22        0.02         97474        96.70
                                               0.882353          28        0.03         97502        96.73
                                               0.886275          25        0.02         97527        96.75
                                               0.890196          25        0.02         97552        96.78
                                               0.894118          25        0.02         97577        96.80
                                               0.898039          31        0.03         97608        96.83
                                               0.901961          22        0.02         97630        96.86
                                               0.905882          17        0.02         97647        96.87
                                                                      The SAS System                                       09:51 Sunday, April 28, 2013   6

                                                                    The FREQ Procedure

                                                                                    Cumulative    Cumulative
                                              intensity    Frequency     Percent     Frequency      Percent
                                              ƒƒƒƒƒƒƒƒƒƒƒƒƒƒƒƒƒƒƒƒƒƒƒƒƒƒƒƒƒƒƒƒƒƒƒƒƒƒƒƒƒƒƒƒƒƒƒƒƒƒƒƒƒƒƒƒƒƒƒƒƒƒ
                                               0.909804          37        0.04         97684        96.91
                                               0.913725          26        0.03         97710        96.93
                                               0.917647          28        0.03         97738        96.96
                                               0.921569          34        0.03         97772        97.00
                                                0.92549          26        0.03         97798        97.02
                                               0.929412          20        0.02         97818        97.04
                                               0.933333          19        0.02         97837        97.06
                                               0.937255          20        0.02         97857        97.08
                                               0.941176          25        0.02         97882        97.11
                                               0.945098          28        0.03         97910        97.13
                                                0.94902          34        0.03         97944        97.17
                                               0.952941          23        0.02         97967        97.19
                                               0.956863          21        0.02         97988        97.21
                                               0.960784          22        0.02         98010        97.23
                                               0.964706          11        0.01         98021        97.24
                                               0.968627          15        0.01         98036        97.26
                                               0.972549          28        0.03         98064        97.29
                                               0.976471          23        0.02         98087        97.31
                                               0.980392          18        0.02         98105        97.33
                                               0.984314          31        0.03         98136        97.36
                                               0.988235          33        0.03         98169        97.39
                                               0.992157         114        0.11         98283        97.50
                                               0.996078         369        0.37         98652        97.87
                                                      1        2148        2.13        100800       100.00
                                                                      The SAS System                                       09:51 Sunday, April 28, 2013   7

                                                                 The UNIVARIATE Procedure
                                                                 Variable:  new_intensity

                                                                          Moments

                                              N                      100800    Sum Weights             100800
                                              Mean               0.52585231    Sum Observations    53005.9131
                                              Std Deviation       0.2675708    Variance            0.07159413
                                              Skewness           0.05748034    Kurtosis            -1.1320551
                                              Uncorrected SS     35089.8989    Corrected SS        7216.61687
                                              Coeff Variation    50.8832596    Std Error Mean      0.00084277


                                                                Basic Statistical Measures

                                                      Location                    Variability

                                                  Mean     0.525852     Std Deviation            0.26757
                                                  Median   0.501667     Variance                 0.07159
                                                  Mode     0.353879     Range                    0.89591
                                                                        Interquartile Range      0.40104


                                                                Tests for Location: Mu0=0

                                                     Test           -Statistic-    -----p Value------

                                                     Student's t    t   623.958    Pr > |t|    <.0001
                                                     Sign           M     50400    Pr >= |M|   <.0001
                                                     Signed Rank    S  2.5402E9    Pr >= |S|   <.0001


                                                                  Quantiles (Definition 5)

                                                                  Quantile       Estimate

                                                                  100% Max       1.000000
                                                                  99%            1.000000
                                                                  95%            0.950298
                                                                  90%            0.900486
                                                                  75% Q3         0.754921
                                                                  50% Median     0.501667
                                                                  25% Q1         0.353879
                                                                  10%            0.104087
                                                                  5%             0.104087
                                                                  1%             0.104087
                                                                  0% Min         0.104087


                                                                   Extreme Observations

                                                         ------Lowest------        ----Highest---

                                                             Value      Obs        Value      Obs

                                                          0.104087    10492            1   100796
                                                          0.104087    10491            1   100797
                                                          0.104087    10490            1   100798
                                                          0.104087    10489            1   100799
                                                          0.104087    10488            1   100800
